// Jest Snapshot v1, https://goo.gl/fbAQLP

exports[`StepProgress Snapshot 1`] = `
<div
  className="css-irr4ie"
>
  <div
    className="css-1v8xmg1"
    height={8}
    width={32}
  />
  <div
    className="css-w9poon"
    height={8}
    width={32}
  />
  <div
    className="css-w9poon"
    height={8}
    width={32}
  />
  <div
    className="css-w9poon"
    height={8}
    width={32}
  />
  <div
    className="css-w9poon"
    height={8}
    width={32}
  />
</div>
`;

exports[`StepProgress Snapshot 2`] = `
<div
  className="css-irr4ie"
>
  <div
    className="css-w9poon"
    height={8}
    width={32}
  />
  <div
    className="css-w9poon"
    height={8}
    width={32}
  />
  <div
    className="css-w9poon"
    height={8}
    width={32}
  />
  <div
    className="css-1v8xmg1"
    height={8}
    width={32}
  />
  <div
    className="css-w9poon"
    height={8}
    width={32}
  />
  <div
    className="css-w9poon"
    height={8}
    width={32}
  />
</div>
`;
